[designreset.com/cork/html/modern-light-menu/table-basic.html]
[backblue.gif]
[fade.gif]
[index.html]
[designreset.com/cork/html/modern-light-menu/user-profile.html]
[designreset.com/cork/html/modern-light-menu/app-mailbox.html]
[designreset.com/cork/html/modern-light-menu/auth-boxed-lockscreen.html]
[designreset.com/cork/html/modern-light-menu/auth-boxed-signin.html]
[designreset.com/cork/html/modern-light-menu/index.html]
[designreset.com/cork/html/modern-light-menu/index2.html]
[designreset.com/cork/html/modern-light-menu/app-calendar.html]
[designreset.com/cork/html/modern-light-menu/app-chat.html]
[designreset.com/cork/html/modern-light-menu/app-todoList.html]
[designreset.com/cork/html/modern-light-menu/app-notes.html]
[designreset.com/cork/html/modern-light-menu/app-scrumboard.html]
[designreset.com/cork/html/modern-light-menu/app-contacts.html]
[designreset.com/cork/html/modern-light-menu/app-invoice-list.html]
[designreset.com/cork/html/modern-light-menu/app-invoice-preview.html]
[designreset.com/cork/html/modern-light-menu/app-invoice-add.html]
[designreset.com/cork/html/modern-light-menu/app-invoice-edit.html]
[designreset.com/cork/html/modern-light-menu/app-ecommerce-product-shop.html]
[designreset.com/cork/html/modern-light-menu/app-ecommerce-product.html]
[designreset.com/cork/html/modern-light-menu/app-ecommerce-product-list.html]
[designreset.com/cork/html/modern-light-menu/app-ecommerce-product-add.html]
[designreset.com/cork/html/modern-light-menu/app-ecommerce-product-edit.html]
[designreset.com/cork/html/modern-light-menu/app-blog-grid.html]
[designreset.com/cork/html/modern-light-menu/app-blog-list.html]
[designreset.com/cork/html/modern-light-menu/app-blog-post.html]
[designreset.com/cork/html/modern-light-menu/app-blog-create.html]
[designreset.com/cork/html/modern-light-menu/app-blog-edit.html]
[designreset.com/cork/html/modern-light-menu/component-tabs.html]
[designreset.com/cork/html/modern-light-menu/component-accordion.html]
[designreset.com/cork/html/modern-light-menu/component-modal.html]
[designreset.com/cork/html/modern-light-menu/component-cards.html]
[designreset.com/cork/html/modern-light-menu/component-bootstrap-carousel.html]
[designreset.com/cork/html/modern-light-menu/component-splide.html]
[designreset.com/cork/html/modern-light-menu/component-sweetalert.html]
[designreset.com/cork/html/modern-light-menu/component-timeline.html]
[designreset.com/cork/html/modern-light-menu/component-notifications.html]
[designreset.com/cork/html/modern-light-menu/component-media-object.html]
[designreset.com/cork/html/modern-light-menu/component-list-group.html]
[designreset.com/cork/html/modern-light-menu/component-pricing-table.html]
[designreset.com/cork/html/modern-light-menu/component-lightbox.html]
[designreset.com/cork/html/modern-light-menu/component-drag-drop.html]
[designreset.com/cork/html/modern-light-menu/component-fonticons.html]
[designreset.com/cork/html/modern-light-menu/component-flags.html]
[designreset.com/cork/html/modern-light-menu/element-alerts.html]
[designreset.com/cork/html/modern-light-menu/element-avatar.html]
[designreset.com/cork/html/modern-light-menu/element-badges.html]
[designreset.com/cork/html/modern-light-menu/element-breadcrumbs.html]
[designreset.com/cork/html/modern-light-menu/element-buttons.html]
[designreset.com/cork/html/modern-light-menu/element-buttons-group.html]
[designreset.com/cork/html/modern-light-menu/element-color-library.html]
[designreset.com/cork/html/modern-light-menu/element-dropdown.html]
[designreset.com/cork/html/modern-light-menu/element-infobox.html]
[designreset.com/cork/html/modern-light-menu/element-loader.html]
[designreset.com/cork/html/modern-light-menu/element-pagination.html]
[designreset.com/cork/html/modern-light-menu/element-popovers.html]
[designreset.com/cork/html/modern-light-menu/element-progressbar.html]
[designreset.com/cork/html/modern-light-menu/element-search.html]
[designreset.com/cork/html/modern-light-menu/element-tooltips.html]
[designreset.com/cork/html/modern-light-menu/element-treeview.html]
[designreset.com/cork/html/modern-light-menu/element-typography.html]
[designreset.com/cork/html/modern-light-menu/map-leaflet.html]
[designreset.com/cork/html/modern-light-menu/charts-apex.html]
[designreset.com/cork/html/modern-light-menu/widgets.html]
[designreset.com/cork/html/modern-light-menu/layout-blank-page.html]
[designreset.com/cork/html/modern-light-menu/layout-empty.html]
[designreset.com/cork/html/modern-light-menu/layout-full-width.html]
[designreset.com/cork/html/modern-light-menu/layout-collapsible-menu.html]
[designreset.com/cork/html/modern-light-menu/table-datatable-basic.html]
[designreset.com/cork/html/modern-light-menu/table-datatable-striped-table.html]
[designreset.com/cork/html/modern-light-menu/table-datatable-custom.html]
[designreset.com/cork/html/modern-light-menu/table-datatable-miscellaneous.html]
[designreset.com/cork/html/modern-light-menu/form-bootstrap-basic.html]
[designreset.com/cork/html/modern-light-menu/form-input-group-basic.html]
[designreset.com/cork/html/modern-light-menu/form-layouts.html]
[designreset.com/cork/html/modern-light-menu/form-validation.html]
[designreset.com/cork/html/modern-light-menu/form-input-mask.html]
[designreset.com/cork/html/modern-light-menu/form-tom-select.html]
[designreset.com/cork/html/modern-light-menu/form-tagify.html]
[designreset.com/cork/html/modern-light-menu/form-bootstrap-touchspin.html]
[designreset.com/cork/html/modern-light-menu/form-maxlength.html]
[designreset.com/cork/html/modern-light-menu/form-checkbox.html]
[designreset.com/cork/html/modern-light-menu/form-radio.html]
[designreset.com/cork/html/modern-light-menu/form-switches.html]
[designreset.com/cork/html/modern-light-menu/form-wizard.html]
[designreset.com/cork/html/modern-light-menu/form-fileupload.html]
[designreset.com/cork/html/modern-light-menu/form-quill.html]
[designreset.com/cork/html/modern-light-menu/form-markdown.html]
[designreset.com/cork/html/modern-light-menu/form-date-time-picker.html]
[designreset.com/cork/html/modern-light-menu/form-slider.html]
[designreset.com/cork/html/modern-light-menu/form-clipboard.html]
[designreset.com/cork/html/modern-light-menu/form-autoComplete.html]
[designreset.com/cork/html/modern-light-menu/user-account-settings.html]
[designreset.com/cork/html/modern-light-menu/pages-knowledge-base.html]
[designreset.com/cork/html/modern-light-menu/pages-faq.html]
[designreset.com/cork/html/modern-light-menu/pages-contact-us.html]
[designreset.com/cork/html/modern-light-menu/pages-error404.html]
[designreset.com/cork/html/modern-light-menu/pages-maintenence.html]
[designreset.com/cork/html/modern-light-menu/auth-boxed-signup.html]
[designreset.com/cork/html/modern-light-menu/auth-boxed-password-reset.html]
[designreset.com/cork/html/modern-light-menu/auth-boxed-2-step-verification.html]
[designreset.com/cork/html/modern-light-menu/auth-cover-signin.html]
[designreset.com/cork/html/modern-light-menu/auth-cover-signup.html]
[designreset.com/cork/html/modern-light-menu/auth-cover-lockscreen.html]
[designreset.com/cork/html/modern-light-menu/auth-cover-password-reset.html]
[designreset.com/cork/html/modern-light-menu/auth-cover-2-step-verification.html]
[designreset.com/cork/html/modern-light-menu/table-basic.html]
[fonts.googleapis.com/css33d1.css]
[designreset.com/cork/html/modern-light-menu/user-profile.html]
[designreset.com/cork/html/modern-light-menu/app-mailbox.html]
[designreset.com/cork/html/modern-light-menu/auth-boxed-lockscreen.html]
[designreset.com/cork/html/modern-light-menu/auth-boxed-signin.html]
[designreset.com/cork/html/modern-light-menu/index.html]
[designreset.com/cork/html/modern-light-menu/index2.html]
[designreset.com/cork/html/modern-light-menu/app-calendar.html]
[designreset.com/cork/html/modern-light-menu/app-chat.html]
[designreset.com/cork/html/modern-light-menu/app-todoList.html]
[designreset.com/cork/html/modern-light-menu/app-notes.html]
[designreset.com/cork/html/modern-light-menu/app-scrumboard.html]
[designreset.com/cork/html/modern-light-menu/app-contacts.html]
[designreset.com/cork/html/modern-light-menu/app-invoice-list.html]
[designreset.com/cork/html/modern-light-menu/app-invoice-preview.html]
[designreset.com/cork/html/modern-light-menu/app-invoice-add.html]
[designreset.com/cork/html/modern-light-menu/app-invoice-edit.html]
[designreset.com/cork/html/modern-light-menu/app-ecommerce-product-shop.html]
[designreset.com/cork/html/modern-light-menu/app-ecommerce-product.html]
[designreset.com/cork/html/modern-light-menu/app-ecommerce-product-list.html]
[designreset.com/cork/html/modern-light-menu/app-ecommerce-product-add.html]
[designreset.com/cork/html/modern-light-menu/app-ecommerce-product-edit.html]
[designreset.com/cork/html/modern-light-menu/app-blog-grid.html]
[designreset.com/cork/html/modern-light-menu/app-blog-list.html]
[designreset.com/cork/html/modern-light-menu/app-blog-post.html]
[designreset.com/cork/html/modern-light-menu/app-blog-create.html]
[designreset.com/cork/html/modern-light-menu/app-blog-edit.html]
[designreset.com/cork/html/modern-light-menu/component-tabs.html]
[designreset.com/cork/html/modern-light-menu/component-accordion.html]
[designreset.com/cork/html/modern-light-menu/component-modal.html]
[designreset.com/cork/html/modern-light-menu/component-cards.html]
[designreset.com/cork/html/modern-light-menu/component-bootstrap-carousel.html]
[designreset.com/cork/html/modern-light-menu/assets/img/product-1.jpg]
[designreset.com/cork/html/modern-light-menu/assets/img/product-2.jpg]
[designreset.com/cork/html/modern-light-menu/assets/img/product-3.jpg]
[designreset.com/cork/html/modern-light-menu/component-splide.html]
[designreset.com/cork/html/modern-light-menu/component-sweetalert.html]
[designreset.com/cork/html/modern-light-menu/component-timeline.html]
[designreset.com/cork/html/modern-light-menu/component-notifications.html]
[designreset.com/cork/html/modern-light-menu/component-media-object.html]
[designreset.com/cork/html/modern-light-menu/component-list-group.html]
[designreset.com/cork/html/modern-light-menu/component-pricing-table.html]
[designreset.com/cork/html/modern-light-menu/component-lightbox.html]
[designreset.com/cork/html/modern-light-menu/component-drag-drop.html]
[designreset.com/cork/html/modern-light-menu/component-fonticons.html]
[designreset.com/cork/html/modern-light-menu/component-flags.html]
[designreset.com/cork/html/modern-light-menu/element-alerts.html]
[designreset.com/cork/html/modern-light-menu/element-avatar.html]
[designreset.com/cork/html/modern-light-menu/element-badges.html]
[designreset.com/cork/html/modern-light-menu/element-breadcrumbs.html]
[designreset.com/cork/html/modern-light-menu/element-buttons.html]
[designreset.com/cork/html/modern-light-menu/element-buttons-group.html]
[designreset.com/cork/html/modern-light-menu/element-color-library.html]
[designreset.com/cork/html/modern-light-menu/element-dropdown.html]
[designreset.com/cork/html/modern-light-menu/element-infobox.html]
[designreset.com/cork/html/modern-light-menu/element-loader.html]
[designreset.com/cork/html/modern-light-menu/element-pagination.html]
[designreset.com/cork/html/modern-light-menu/element-popovers.html]
[designreset.com/cork/html/modern-light-menu/element-progressbar.html]
[designreset.com/cork/html/modern-light-menu/element-search.html]
[designreset.com/cork/html/modern-light-menu/element-tooltips.html]
[designreset.com/cork/html/modern-light-menu/element-treeview.html]
[designreset.com/cork/html/modern-light-menu/element-typography.html]
[designreset.com/cork/html/modern-light-menu/map-leaflet.html]
[designreset.com/cork/html/modern-light-menu/charts-apex.html]
[designreset.com/cork/html/modern-light-menu/widgets.html]
[designreset.com/cork/html/modern-light-menu/layout-blank-page.html]
[designreset.com/cork/html/modern-light-menu/layout-empty.html]
[designreset.com/cork/html/modern-light-menu/layout-full-width.html]
[designreset.com/cork/html/modern-light-menu/layout-collapsible-menu.html]
[designreset.com/cork/html/modern-light-menu/table-datatable-basic.html]
[designreset.com/cork/html/modern-light-menu/table-datatable-striped-table.html]
[designreset.com/cork/html/modern-light-menu/table-datatable-custom.html]
[designreset.com/cork/html/modern-light-menu/table-datatable-miscellaneous.html]
[designreset.com/cork/html/modern-light-menu/form-bootstrap-basic.html]
[designreset.com/cork/html/modern-light-menu/form-input-group-basic.html]
[designreset.com/cork/html/modern-light-menu/form-layouts.html]
[designreset.com/cork/html/modern-light-menu/form-validation.html]
[designreset.com/cork/html/modern-light-menu/form-input-mask.html]
[designreset.com/cork/html/modern-light-menu/form-tom-select.html]
[designreset.com/cork/html/modern-light-menu/form-tagify.html]
[designreset.com/cork/html/modern-light-menu/form-bootstrap-touchspin.html]
[designreset.com/cork/html/modern-light-menu/form-maxlength.html]
[designreset.com/cork/html/modern-light-menu/form-checkbox.html]
[designreset.com/cork/html/modern-light-menu/form-radio.html]
[designreset.com/cork/html/modern-light-menu/form-switches.html]
[designreset.com/cork/html/modern-light-menu/form-wizard.html]
[designreset.com/cork/html/modern-light-menu/form-fileupload.html]
[designreset.com/cork/html/modern-light-menu/form-quill.html]
[designreset.com/cork/html/modern-light-menu/form-markdown.html]
[designreset.com/cork/html/modern-light-menu/form-date-time-picker.html]
[designreset.com/cork/html/modern-light-menu/form-slider.html]
[designreset.com/cork/html/modern-light-menu/form-clipboard.html]
[designreset.com/cork/html/modern-light-menu/form-autoComplete.html]
[designreset.com/cork/html/modern-light-menu/user-account-settings.html]
[designreset.com/cork/html/modern-light-menu/pages-knowledge-base.html]
[designreset.com/cork/html/modern-light-menu/pages-faq.html]
[designreset.com/cork/html/modern-light-menu/pages-contact-us.html]
[designreset.com/cork/html/modern-light-menu/pages-error404.html]
[designreset.com/cork/html/modern-light-menu/pages-maintenence.html]
[designreset.com/cork/html/modern-light-menu/auth-boxed-signup.html]
[designreset.com/cork/html/modern-light-menu/auth-boxed-password-reset.html]
[designreset.com/cork/html/modern-light-menu/auth-boxed-2-step-verification.html]
[designreset.com/cork/html/modern-light-menu/auth-cover-signin.html]
[designreset.com/cork/html/modern-light-menu/auth-cover-signup.html]
[designreset.com/cork/html/modern-light-menu/auth-cover-lockscreen.html]
[designreset.com/cork/html/modern-light-menu/auth-cover-password-reset.html]
[designreset.com/cork/html/modern-light-menu/auth-cover-2-step-verification.html]
[designreset.com/cork/html/modern-light-menu/assets/img/product-1.html]
[designreset.com/cork/html/modern-light-menu/assets/img/product-2.html]
[designreset.com/cork/html/modern-light-menu/assets/img/product-3.html]
